2022-04-21 11:51:04 [    INFO] Intialization completed (test_first.py:9)
2022-04-21 11:51:04 [    INFO] hello (test_first.py:21)
2022-04-21 11:51:04 [   DEBUG] working (test_first.py:22)
